---
source: libsql-server/src/namespace/meta_store.rs
expression: rows.next().unwrap().unwrap()
---
{
    Ok(
        "task_id",
    ): (
        Integer,
        2,
    ),
    Ok(
        "job_id",
    ): (
        Integer,
        1,
    ),
    Ok(
        "target_namespace",
    ): (
        Text,
        "ns3",
    ),
    Ok(
        "status",
    ): (
        Integer,
        0,
    ),
    Ok(
        "error",
    ): (
        Null,
        (),
    ),
}
