---
source: libsql-server/tests/namespaces/shared_schema.rs
expression: "conn.execute(\"create table test (x)\", ()).await.unwrap_err()"
---
Hrana(
    Api(
        "{\"error\":\"Internal Error: `Not authorized to execute query: DDL statements not permitted on namespace ns1`\"}",
    ),
)
