---
source: libsql-server/tests/namespaces/dumps.rs
expression: resp.body_string().await?
snapshot_kind: text
---
{"error":"The passed dump sql is invalid: attach statements are not allowed in dumps, msg: near \"COMMIT\": syntax error, sql:     ATTACH foo/bar.sql\n     COMMIT;, offset: 28"}
