---
source: libsql-server/tests/namespaces/dumps.rs
expression: resp.body_string().await?
snapshot_kind: text
---
{"error":"The passed dump sql is invalid: msg: near \"COMMIT\": syntax error, sql:     SELECT abs(-9223372036854775808) \n     COMMIT;, offset: 43"}
