---
source: libsql-server/tests/namespaces/shared_schema.rs
expression: "check_data(\"schema\").await"
---
[
    "Row { cols: [Col { name: Some(\"c\"), decltype: None }], inner: [Integer { value: 42 }] }",
]
