---
source: libsql-server/tests/namespaces/shared_schema.rs
expression: resp.body_string().await.unwrap()
---
"{\"error\":\"Namespace `ns2` doesn't exist\"}"
